>print bool(null), datetime(null), dynamic(null), guid(null), int(null), long(null), real(null), time(null)
#^^^^^ source.kusto keyword.other.query.kusto
#     ^ source.kusto
#      ^^^^ source.kusto storage.type.kusto
#          ^ source.kusto
#           ^^^^ source.kusto constant.language.kusto
#               ^^^ source.kusto
#                  ^^^^^^^^ source.kusto storage.type.kusto
#                          ^ source.kusto
#                           ^^^^ source.kusto constant.language.kusto
#                               ^^^ source.kusto
#                                  ^^^^^^^ source.kusto storage.type.kusto
#                                         ^ source.kusto
#                                          ^^^^ source.kusto constant.language.kusto
#                                              ^^^ source.kusto
#                                                 ^^^^ source.kusto storage.type.kusto
#                                                     ^ source.kusto
#                                                      ^^^^ source.kusto constant.language.kusto
#                                                          ^^^ source.kusto
#                                                             ^^^ source.kusto storage.type.kusto
#                                                                ^ source.kusto
#                                                                 ^^^^ source.kusto constant.language.kusto
#                                                                     ^^^ source.kusto
#                                                                        ^^^^ source.kusto storage.type.kusto
#                                                                            ^ source.kusto
#                                                                             ^^^^ source.kusto constant.language.kusto
#                                                                                 ^^^ source.kusto
#                                                                                    ^^^^ source.kusto storage.type.kusto
#                                                                                        ^ source.kusto
#                                                                                         ^^^^ source.kusto constant.language.kusto
#                                                                                             ^^^ source.kusto
#                                                                                                ^^^^ source.kusto storage.type.kusto
#                                                                                                    ^ source.kusto
#                                                                                                     ^^^^ source.kusto constant.language.kusto
#                                                                                                         ^^ source.kusto
>